******************************************************************************
                  TI ARM Linker PC v16.9.6                     
******************************************************************************
>> Linked Thu Mar 22 13:30:09 2018

OUTPUT FILE NAME:   <ADC-DAC.out>
ENTRY POINT SYMBOL: "_c_int00"  address: 00000a51


MEMORY CONFIGURATION

         name            origin    length      used     unused   attr    fill
----------------------  --------  ---------  --------  --------  ----  --------
  FLASH                 00000000   00040000  00000f22  0003f0de  R  X
  SRAM                  20000000   00008000  0000021c  00007de4  RW X


SEGMENT ALLOCATION MAP

run origin  load origin   length   init length attrs members
----------  ----------- ---------- ----------- ----- -------
00000000    00000000    00000f28   00000f28    r-x
  00000000    00000000    0000026c   0000026c    r-- .intvecs
  0000026c    0000026c    00000b12   00000b12    r-x .text
  00000d80    00000d80    0000016c   0000016c    r-- .const
  00000ef0    00000ef0    00000038   00000038    r-- .cinit
20000000    20000000    0000021c   00000000    rw-
  20000000    20000000    00000200   00000000    rw- .stack
  20000200    20000200    00000018   00000000    rw- .data
  20000218    20000218    00000004   00000000    rw- .bss


SECTION ALLOCATION MAP

 output                                  attributes/
section   page    origin      length       input sections
--------  ----  ----------  ----------   ----------------
.intvecs   0    00000000    0000026c     
                  00000000    0000026c     tm4c123gh6pm_startup_ccs.obj (.intvecs)

.text      0    0000026c    00000b12     
                  0000026c    00000130     driverlib.lib : gpio.obj (.text:GPIOPadConfigSet)
                  0000039c    00000130     main.obj (.text)
                  000004cc    0000010c     driverlib.lib : sysctl.obj (.text:SysCtlClockGet)
                  000005d8    000000f0                   : sysctl.obj (.text:SysCtlClockSet)
                  000006c8    0000009c     rtsv7M4_T_le_v4SPD16_eabi.lib : memcpy_t2.obj (.text)
                  00000764    0000007a     driverlib.lib : adc.obj (.text:ADCSequenceStepConfigure)
                  000007de    0000007a     rtsv7M4_T_le_v4SPD16_eabi.lib : memset_t2.obj (.text)
                  00000858    00000070                                   : autoinit.obj (.text)
                  000008c8    00000068     driverlib.lib : interrupt.obj (.text:IntEnable)
                  00000930    00000068     rtsv7M4_T_le_v4SPD16_eabi.lib : copy_decompress_lzss.obj (.text:decompress:lzss)
                  00000998    00000060     driverlib.lib : timer.obj (.text:TimerConfigure)
                  000009f8    00000058                   : timer.obj (.text:TimerControlTrigger)
                  00000a50    00000054     rtsv7M4_T_le_v4SPD16_eabi.lib : boot.obj (.text)
                  00000aa4    00000054                                   : exit.obj (.text)
                  00000af8    0000004c                                   : cpy_tbl.obj (.text)
                  00000b44    00000048     driverlib.lib : gpio.obj (.text:GPIOPinConfigure)
                  00000b8c    0000003e                   : adc.obj (.text:ADCSequenceConfigure)
                  00000bca    0000003c                   : ssi.obj (.text:SSIConfigSetExpClk)
                  00000c06    00000002     rtsv7M4_T_le_v4SPD16_eabi.lib : mpu_init.obj (.text)
                  00000c08    00000034     driverlib.lib : sysctl.obj (.text:SysCtlPeripheralEnable)
                  00000c3c    0000002a                   : gpio.obj (.text:GPIODirModeSet)
                  00000c66    0000001e                   : adc.obj (.text:ADCSequenceDataGet)
                  00000c84    00000018     rtsv7M4_T_le_v4SPD16_eabi.lib : args_main.obj (.text)
                  00000c9c    00000014                                   : _lock.obj (.text)
                  00000cb0    00000012     driverlib.lib : gpio.obj (.text:GPIOPinTypeADC)
                  00000cc2    00000012                   : gpio.obj (.text:GPIOPinTypeSSI)
                  00000cd4    00000012                   : timer.obj (.text:TimerLoadSet)
                  00000ce6    00000010                   : adc.obj (.text:ADCIntEnable)
                  00000cf6    00000010                   : interrupt.obj (.text:IntMasterEnable)
                  00000d06    0000000e                   : adc.obj (.text:ADCSequenceEnable)
                  00000d14    0000000e                   : timer.obj (.text:TimerEnable)
                  00000d22    0000000e     rtsv7M4_T_le_v4SPD16_eabi.lib : copy_decompress_none.obj (.text:decompress:none)
                  00000d30    0000000c     driverlib.lib : cpu.obj (.text:CPUcpsie)
                  00000d3c    0000000c     rtsv7M4_T_le_v4SPD16_eabi.lib : copy_zero_init.obj (.text:decompress:ZI)
                  00000d48    0000000c     tm4c123gh6pm_startup_ccs.obj (.text)
                  00000d54    0000000a     driverlib.lib : adc.obj (.text:ADCIntClear)
                  00000d5e    0000000a                   : ssi.obj (.text:SSIDataPut)
                  00000d68    0000000a                   : ssi.obj (.text:SSIEnable)
                  00000d72    00000006                   : sysctl.obj (.text:SysCtlDelay)
                  00000d78    00000004     rtsv7M4_T_le_v4SPD16_eabi.lib : pre_init.obj (.text)
                  00000d7c    00000002                                   : startup.obj (.text)

.const     0    00000d80    0000016c     
                  00000d80    00000090     driverlib.lib : gpio.obj (.const:g_pui32GPIOBaseAddrs)
                  00000e10    00000070                   : interrupt.obj (.const)
                  00000e80    0000006c                   : sysctl.obj (.const:g_pui32Xtals)

.cinit     0    00000ef0    00000038     
                  00000ef0    00000011     (.cinit..data.load) [load image, compression = lzss]
                  00000f01    00000003     --HOLE-- [fill = 0]
                  00000f04    0000000c     (__TI_handler_table)
                  00000f10    00000008     (.cinit..bss.load) [load image, compression = zero_init]
                  00000f18    00000010     (__TI_cinit_table)

.init_array 
*          0    00000000    00000000     UNINITIALIZED

.stack     0    20000000    00000200     UNINITIALIZED
                  20000000    00000200     --HOLE--

.data      0    20000200    00000018     UNINITIALIZED
                  20000200    0000000c     rtsv7M4_T_le_v4SPD16_eabi.lib : exit.obj (.data:$O1$$)
                  2000020c    00000008                                   : _lock.obj (.data:$O1$$)
                  20000214    00000004                                   : stkdepth_vars.obj (.data)

.bss       0    20000218    00000004     UNINITIALIZED
                  20000218    00000004     (.common:sample)

MODULE SUMMARY

       Module                         code   ro data   rw data
       ------                         ----   -------   -------
    .\
       tm4c123gh6pm_startup_ccs.obj   12     620       0      
       main.obj                       304    0         4      
    +--+------------------------------+------+---------+---------+
       Total:                         316    620       4      
                                                              
    ../driverlib.lib
       sysctl.obj                     566    108       0      
       gpio.obj                       454    144       0      
       adc.obj                        254    0         0      
       interrupt.obj                  120    112       0      
       timer.obj                      216    0         0      
       ssi.obj                        80     0         0      
       cpu.obj                        12     0         0      
    +--+------------------------------+------+---------+---------+
       Total:                         1702   364       0      
                                                              
    C:\ti\ccsv7\tools\compiler\ti-cgt-arm_16.9.6.LTS\lib\rtsv7M4_T_le_v4SPD16_eabi.lib
       memcpy_t2.obj                  156    0         0      
       memset_t2.obj                  122    0         0      
       autoinit.obj                   112    0         0      
       copy_decompress_lzss.obj       104    0         0      
       exit.obj                       84     0         12     
       boot.obj                       84     0         0      
       cpy_tbl.obj                    76     0         0      
       _lock.obj                      20     0         8      
       args_main.obj                  24     0         0      
       copy_decompress_none.obj       14     0         0      
       copy_zero_init.obj             12     0         0      
       pre_init.obj                   4      0         0      
       stkdepth_vars.obj              0      0         4      
       mpu_init.obj                   2      0         0      
       startup.obj                    2      0         0      
    +--+------------------------------+------+---------+---------+
       Total:                         816    0         24     
                                                              
       Stack:                         0      0         512    
       Linker Generated:              0      53        0      
    +--+------------------------------+------+---------+---------+
       Grand Total:                   2834   1037      540    


LINKER GENERATED COPY TABLES

__TI_cinit_table @ 00000f18 records: 2, size/record: 8, table size: 16
	.data: load addr=00000ef0, load size=00000011 bytes, run addr=20000200, run size=00000018 bytes, compression=lzss
	.bss: load addr=00000f10, load size=00000008 bytes, run addr=20000218, run size=00000004 bytes, compression=zero_init


LINKER GENERATED HANDLER TABLE

__TI_handler_table @ 00000f04 records: 3, size/record: 4, table size: 12
	index: 0, handler: __TI_decompress_lzss
	index: 1, handler: __TI_decompress_none
	index: 2, handler: __TI_zero_init


GLOBAL SYMBOLS: SORTED ALPHABETICALLY BY Name 

address   name                           
-------   ----                           
00000d55  ADCIntClear                    
00000ce7  ADCIntEnable                   
00000b8d  ADCSequenceConfigure           
00000c67  ADCSequenceDataGet             
00000d07  ADCSequenceEnable              
00000765  ADCSequenceStepConfigure       
00000aa5  C$$EXIT                        
00000d31  CPUcpsie                       
0000041f  DataGet                        
00000c3d  GPIODirModeSet                 
0000026d  GPIOPadConfigSet               
00000b45  GPIOPinConfigure               
00000cb1  GPIOPinTypeADC                 
00000cc3  GPIOPinTypeSSI                 
000008c9  IntEnable                      
00000cf7  IntMasterEnable                
00000d49  ResetISR                       
UNDEFED   SHT$$INIT_ARRAY$$Base          
UNDEFED   SHT$$INIT_ARRAY$$Limit         
00000bcb  SSIConfigSetExpClk             
00000d5f  SSIDataPut                     
00000d69  SSIEnable                      
000003cf  SSI_Init                       
000004cd  SysCtlClockGet                 
000005d9  SysCtlClockSet                 
00000d73  SysCtlDelay                    
00000c09  SysCtlPeripheralEnable         
00000999  TimerConfigure                 
000009f9  TimerControlTrigger            
00000d15  TimerEnable                    
00000cd5  TimerLoadSet                   
0000039d  Timer_Init                     
20000200  __STACK_END                    
00000200  __STACK_SIZE                   
20000200  __STACK_TOP                    
00000f18  __TI_CINIT_Base                
00000f28  __TI_CINIT_Limit               
00000f04  __TI_Handler_Table_Base        
00000f10  __TI_Handler_Table_Limit       
00000859  __TI_auto_init                 
20000200  __TI_cleanup_ptr               
00000931  __TI_decompress_lzss           
00000d23  __TI_decompress_none           
20000204  __TI_dtors_ptr                 
20000208  __TI_enable_exit_profile_output
ffffffff  __TI_pprof_out_hndl            
ffffffff  __TI_prof_data_size            
ffffffff  __TI_prof_data_start           
00000000  __TI_static_base__             
00000d3d  __TI_zero_init                 
000007df  __aeabi_memclr                 
000007df  __aeabi_memclr4                
000007df  __aeabi_memclr8                
000006c9  __aeabi_memcpy                 
000006c9  __aeabi_memcpy4                
000006c9  __aeabi_memcpy8                
000007e1  __aeabi_memset                 
000007e1  __aeabi_memset4                
000007e1  __aeabi_memset8                
ffffffff  __binit__                      
ffffffff  __c_args__                     
00000c07  __mpu_init                     
20000000  __stack                        
00000c85  _args_main                     
00000a51  _c_int00                       
2000020c  _lock                          
00000cab  _nop                           
00000ca3  _register_lock                 
00000c9d  _register_unlock               
00000d7d  _system_post_cinit             
00000d79  _system_pre_init               
20000210  _unlock                        
00000aa9  abort                          
ffffffff  binit                          
00000af9  copy_in                        
00000ab1  exit                           
00000000  g_pfnVectors                   
0000043f  main                           
20000214  main_func_sp                   
000006c9  memcpy                         
000007e7  memset                         
20000218  sample                         


GLOBAL SYMBOLS: SORTED BY Symbol Address 

address   name                           
-------   ----                           
00000000  __TI_static_base__             
00000000  g_pfnVectors                   
00000200  __STACK_SIZE                   
0000026d  GPIOPadConfigSet               
0000039d  Timer_Init                     
000003cf  SSI_Init                       
0000041f  DataGet                        
0000043f  main                           
000004cd  SysCtlClockGet                 
000005d9  SysCtlClockSet                 
000006c9  __aeabi_memcpy                 
000006c9  __aeabi_memcpy4                
000006c9  __aeabi_memcpy8                
000006c9  memcpy                         
00000765  ADCSequenceStepConfigure       
000007df  __aeabi_memclr                 
000007df  __aeabi_memclr4                
000007df  __aeabi_memclr8                
000007e1  __aeabi_memset                 
000007e1  __aeabi_memset4                
000007e1  __aeabi_memset8                
000007e7  memset                         
00000859  __TI_auto_init                 
000008c9  IntEnable                      
00000931  __TI_decompress_lzss           
00000999  TimerConfigure                 
000009f9  TimerControlTrigger            
00000a51  _c_int00                       
00000aa5  C$$EXIT                        
00000aa9  abort                          
00000ab1  exit                           
00000af9  copy_in                        
00000b45  GPIOPinConfigure               
00000b8d  ADCSequenceConfigure           
00000bcb  SSIConfigSetExpClk             
00000c07  __mpu_init                     
00000c09  SysCtlPeripheralEnable         
00000c3d  GPIODirModeSet                 
00000c67  ADCSequenceDataGet             
00000c85  _args_main                     
00000c9d  _register_unlock               
00000ca3  _register_lock                 
00000cab  _nop                           
00000cb1  GPIOPinTypeADC                 
00000cc3  GPIOPinTypeSSI                 
00000cd5  TimerLoadSet                   
00000ce7  ADCIntEnable                   
00000cf7  IntMasterEnable                
00000d07  ADCSequenceEnable              
00000d15  TimerEnable                    
00000d23  __TI_decompress_none           
00000d31  CPUcpsie                       
00000d3d  __TI_zero_init                 
00000d49  ResetISR                       
00000d55  ADCIntClear                    
00000d5f  SSIDataPut                     
00000d69  SSIEnable                      
00000d73  SysCtlDelay                    
00000d79  _system_pre_init               
00000d7d  _system_post_cinit             
00000f04  __TI_Handler_Table_Base        
00000f10  __TI_Handler_Table_Limit       
00000f18  __TI_CINIT_Base                
00000f28  __TI_CINIT_Limit               
20000000  __stack                        
20000200  __STACK_END                    
20000200  __STACK_TOP                    
20000200  __TI_cleanup_ptr               
20000204  __TI_dtors_ptr                 
20000208  __TI_enable_exit_profile_output
2000020c  _lock                          
20000210  _unlock                        
20000214  main_func_sp                   
20000218  sample                         
ffffffff  __TI_pprof_out_hndl            
ffffffff  __TI_prof_data_size            
ffffffff  __TI_prof_data_start           
ffffffff  __binit__                      
ffffffff  __c_args__                     
ffffffff  binit                          
UNDEFED   SHT$$INIT_ARRAY$$Base          
UNDEFED   SHT$$INIT_ARRAY$$Limit         

[82 symbols]
