******************************************************************************
                  TI ARM Linker PC v16.9.6                     
******************************************************************************
>> Linked Thu Mar 22 15:00:24 2018

OUTPUT FILE NAME:   <Filtro PA.out>
ENTRY POINT SYMBOL: "_c_int00"  address: 00000b19


MEMORY CONFIGURATION

         name            origin    length      used     unused   attr    fill
----------------------  --------  ---------  --------  --------  ----  --------
  FLASH                 00000000   00040000  00001062  0003ef9e  R  X
  SRAM                  20000000   00008000  00000348  00007cb8  RW X


SEGMENT ALLOCATION MAP

run origin  load origin   length   init length attrs members
----------  ----------- ---------- ----------- ----- -------
00000000    00000000    00001068   00001068    r-x
  00000000    00000000    0000026c   0000026c    r-- .intvecs
  0000026c    0000026c    00000bda   00000bda    r-x .text
  00000e48    00000e48    0000016c   0000016c    r-- .const
  00000fb8    00000fb8    000000b0   000000b0    r-- .cinit
20000000    20000000    00000348   00000000    rw-
  20000000    20000000    00000200   00000000    rw- .stack
  20000200    20000200    000000ac   00000000    rw- .data
  200002ac    200002ac    0000009c   00000000    rw- .bss


SECTION ALLOCATION MAP

 output                                  attributes/
section   page    origin      length       input sections
--------  ----  ----------  ----------   ----------------
.intvecs   0    00000000    0000026c     
                  00000000    0000026c     tm4c123gh6pm_startup_ccs.obj (.intvecs)

.text      0    0000026c    00000bda     
                  0000026c    000001f8     main.obj (.text)
                  00000464    00000130     driverlib.lib : gpio.obj (.text:GPIOPadConfigSet)
                  00000594    0000010c                   : sysctl.obj (.text:SysCtlClockGet)
                  000006a0    000000f0                   : sysctl.obj (.text:SysCtlClockSet)
                  00000790    0000009c     rtsv7M4_T_le_v4SPD16_eabi.lib : memcpy_t2.obj (.text)
                  0000082c    0000007a     driverlib.lib : adc.obj (.text:ADCSequenceStepConfigure)
                  000008a6    0000007a     rtsv7M4_T_le_v4SPD16_eabi.lib : memset_t2.obj (.text)
                  00000920    00000070                                   : autoinit.obj (.text)
                  00000990    00000068     driverlib.lib : interrupt.obj (.text:IntEnable)
                  000009f8    00000068     rtsv7M4_T_le_v4SPD16_eabi.lib : copy_decompress_lzss.obj (.text:decompress:lzss)
                  00000a60    00000060     driverlib.lib : timer.obj (.text:TimerConfigure)
                  00000ac0    00000058                   : timer.obj (.text:TimerControlTrigger)
                  00000b18    00000054     rtsv7M4_T_le_v4SPD16_eabi.lib : boot.obj (.text)
                  00000b6c    00000054                                   : exit.obj (.text)
                  00000bc0    0000004c                                   : cpy_tbl.obj (.text)
                  00000c0c    00000048     driverlib.lib : gpio.obj (.text:GPIOPinConfigure)
                  00000c54    0000003e                   : adc.obj (.text:ADCSequenceConfigure)
                  00000c92    0000003c                   : ssi.obj (.text:SSIConfigSetExpClk)
                  00000cce    00000002     rtsv7M4_T_le_v4SPD16_eabi.lib : mpu_init.obj (.text)
                  00000cd0    00000034     driverlib.lib : sysctl.obj (.text:SysCtlPeripheralEnable)
                  00000d04    0000002a                   : gpio.obj (.text:GPIODirModeSet)
                  00000d2e    0000001e                   : adc.obj (.text:ADCSequenceDataGet)
                  00000d4c    00000018     rtsv7M4_T_le_v4SPD16_eabi.lib : args_main.obj (.text)
                  00000d64    00000014                                   : _lock.obj (.text)
                  00000d78    00000012     driverlib.lib : gpio.obj (.text:GPIOPinTypeADC)
                  00000d8a    00000012                   : gpio.obj (.text:GPIOPinTypeSSI)
                  00000d9c    00000012                   : timer.obj (.text:TimerLoadSet)
                  00000dae    00000010                   : adc.obj (.text:ADCIntEnable)
                  00000dbe    00000010                   : interrupt.obj (.text:IntMasterEnable)
                  00000dce    0000000e                   : adc.obj (.text:ADCSequenceEnable)
                  00000ddc    0000000e                   : timer.obj (.text:TimerEnable)
                  00000dea    0000000e     rtsv7M4_T_le_v4SPD16_eabi.lib : copy_decompress_none.obj (.text:decompress:none)
                  00000df8    0000000c     driverlib.lib : cpu.obj (.text:CPUcpsie)
                  00000e04    0000000c     rtsv7M4_T_le_v4SPD16_eabi.lib : copy_zero_init.obj (.text:decompress:ZI)
                  00000e10    0000000c     tm4c123gh6pm_startup_ccs.obj (.text)
                  00000e1c    0000000a     driverlib.lib : adc.obj (.text:ADCIntClear)
                  00000e26    0000000a                   : ssi.obj (.text:SSIDataPut)
                  00000e30    0000000a                   : ssi.obj (.text:SSIEnable)
                  00000e3a    00000006                   : sysctl.obj (.text:SysCtlDelay)
                  00000e40    00000004     rtsv7M4_T_le_v4SPD16_eabi.lib : pre_init.obj (.text)
                  00000e44    00000002                                   : startup.obj (.text)

.const     0    00000e48    0000016c     
                  00000e48    00000090     driverlib.lib : gpio.obj (.const:g_pui32GPIOBaseAddrs)
                  00000ed8    00000070                   : interrupt.obj (.const)
                  00000f48    0000006c                   : sysctl.obj (.const:g_pui32Xtals)

.cinit     0    00000fb8    000000b0     
                  00000fb8    0000008c     (.cinit..data.load) [load image, compression = lzss]
                  00001044    0000000c     (__TI_handler_table)
                  00001050    00000008     (.cinit..bss.load) [load image, compression = zero_init]
                  00001058    00000010     (__TI_cinit_table)

.init_array 
*          0    00000000    00000000     UNINITIALIZED

.stack     0    20000000    00000200     UNINITIALIZED
                  20000000    00000200     --HOLE--

.data      0    20000200    000000ac     UNINITIALIZED
                  20000200    00000094     main.obj (.data:coeficientes_pb)
                  20000294    0000000c     rtsv7M4_T_le_v4SPD16_eabi.lib : exit.obj (.data:$O1$$)
                  200002a0    00000008                                   : _lock.obj (.data:$O1$$)
                  200002a8    00000004                                   : stkdepth_vars.obj (.data)

.bss       0    200002ac    0000009c     UNINITIALIZED
                  200002ac    00000094     (.common:memoria)
                  20000340    00000004     (.common:sample)
                  20000344    00000004     (.common:signal)

MODULE SUMMARY

       Module                         code   ro data   rw data
       ------                         ----   -------   -------
    .\
       main.obj                       504    0         304    
       tm4c123gh6pm_startup_ccs.obj   12     620       0      
    +--+------------------------------+------+---------+---------+
       Total:                         516    620       304    
                                                              
    ../driverlib.lib
       sysctl.obj                     566    108       0      
       gpio.obj                       454    144       0      
       adc.obj                        254    0         0      
       interrupt.obj                  120    112       0      
       timer.obj                      216    0         0      
       ssi.obj                        80     0         0      
       cpu.obj                        12     0         0      
    +--+------------------------------+------+---------+---------+
       Total:                         1702   364       0      
                                                              
    C:\ti\ccsv7\tools\compiler\ti-cgt-arm_16.9.6.LTS\lib\rtsv7M4_T_le_v4SPD16_eabi.lib
       memcpy_t2.obj                  156    0         0      
       memset_t2.obj                  122    0         0      
       autoinit.obj                   112    0         0      
       copy_decompress_lzss.obj       104    0         0      
       exit.obj                       84     0         12     
       boot.obj                       84     0         0      
       cpy_tbl.obj                    76     0         0      
       _lock.obj                      20     0         8      
       args_main.obj                  24     0         0      
       copy_decompress_none.obj       14     0         0      
       copy_zero_init.obj             12     0         0      
       pre_init.obj                   4      0         0      
       stkdepth_vars.obj              0      0         4      
       mpu_init.obj                   2      0         0      
       startup.obj                    2      0         0      
    +--+------------------------------+------+---------+---------+
       Total:                         816    0         24     
                                                              
       Stack:                         0      0         512    
       Linker Generated:              0      176       0      
    +--+------------------------------+------+---------+---------+
       Grand Total:                   3034   1160      840    


LINKER GENERATED COPY TABLES

__TI_cinit_table @ 00001058 records: 2, size/record: 8, table size: 16
	.data: load addr=00000fb8, load size=0000008c bytes, run addr=20000200, run size=000000ac bytes, compression=lzss
	.bss: load addr=00001050, load size=00000008 bytes, run addr=200002ac, run size=0000009c bytes, compression=zero_init


LINKER GENERATED HANDLER TABLE

__TI_handler_table @ 00001044 records: 3, size/record: 4, table size: 12
	index: 0, handler: __TI_decompress_lzss
	index: 1, handler: __TI_decompress_none
	index: 2, handler: __TI_zero_init


GLOBAL SYMBOLS: SORTED ALPHABETICALLY BY Name 

address   name                           
-------   ----                           
00000e1d  ADCIntClear                    
00000daf  ADCIntEnable                   
00000c55  ADCSequenceConfigure           
00000d2f  ADCSequenceDataGet             
00000dcf  ADCSequenceEnable              
0000082d  ADCSequenceStepConfigure       
00000b6d  C$$EXIT                        
00000df9  CPUcpsie                       
000002ef  DataGet                        
00000d05  GPIODirModeSet                 
00000465  GPIOPadConfigSet               
00000c0d  GPIOPinConfigure               
00000d79  GPIOPinTypeADC                 
00000d8b  GPIOPinTypeSSI                 
00000991  IntEnable                      
00000dbf  IntMasterEnable                
00000e11  ResetISR                       
UNDEFED   SHT$$INIT_ARRAY$$Base          
UNDEFED   SHT$$INIT_ARRAY$$Limit         
00000c93  SSIConfigSetExpClk             
00000e27  SSIDataPut                     
00000e31  SSIEnable                      
0000029f  SSI_Init                       
00000595  SysCtlClockGet                 
000006a1  SysCtlClockSet                 
00000e3b  SysCtlDelay                    
00000cd1  SysCtlPeripheralEnable         
00000a61  TimerConfigure                 
00000ac1  TimerControlTrigger            
00000ddd  TimerEnable                    
00000d9d  TimerLoadSet                   
0000026d  Timer_Init                     
20000200  __STACK_END                    
00000200  __STACK_SIZE                   
20000200  __STACK_TOP                    
00001058  __TI_CINIT_Base                
00001068  __TI_CINIT_Limit               
00001044  __TI_Handler_Table_Base        
00001050  __TI_Handler_Table_Limit       
00000921  __TI_auto_init                 
20000294  __TI_cleanup_ptr               
000009f9  __TI_decompress_lzss           
00000deb  __TI_decompress_none           
20000298  __TI_dtors_ptr                 
2000029c  __TI_enable_exit_profile_output
ffffffff  __TI_pprof_out_hndl            
ffffffff  __TI_prof_data_size            
ffffffff  __TI_prof_data_start           
00000000  __TI_static_base__             
00000e05  __TI_zero_init                 
000008a7  __aeabi_memclr                 
000008a7  __aeabi_memclr4                
000008a7  __aeabi_memclr8                
00000791  __aeabi_memcpy                 
00000791  __aeabi_memcpy4                
00000791  __aeabi_memcpy8                
000008a9  __aeabi_memset                 
000008a9  __aeabi_memset4                
000008a9  __aeabi_memset8                
ffffffff  __binit__                      
ffffffff  __c_args__                     
00000ccf  __mpu_init                     
20000000  __stack                        
00000d4d  _args_main                     
00000b19  _c_int00                       
200002a0  _lock                          
00000d73  _nop                           
00000d6b  _register_lock                 
00000d65  _register_unlock               
00000e45  _system_post_cinit             
00000e41  _system_pre_init               
200002a4  _unlock                        
00000b71  abort                          
ffffffff  binit                          
20000200  coeficientes_pb                
00000bc1  copy_in                        
00000b79  exit                           
00000000  g_pfnVectors                   
000003c9  main                           
200002a8  main_func_sp                   
00000791  memcpy                         
200002ac  memoria                        
000008af  memset                         
20000340  sample                         
20000344  signal                         


GLOBAL SYMBOLS: SORTED BY Symbol Address 

address   name                           
-------   ----                           
00000000  __TI_static_base__             
00000000  g_pfnVectors                   
00000200  __STACK_SIZE                   
0000026d  Timer_Init                     
0000029f  SSI_Init                       
000002ef  DataGet                        
000003c9  main                           
00000465  GPIOPadConfigSet               
00000595  SysCtlClockGet                 
000006a1  SysCtlClockSet                 
00000791  __aeabi_memcpy                 
00000791  __aeabi_memcpy4                
00000791  __aeabi_memcpy8                
00000791  memcpy                         
0000082d  ADCSequenceStepConfigure       
000008a7  __aeabi_memclr                 
000008a7  __aeabi_memclr4                
000008a7  __aeabi_memclr8                
000008a9  __aeabi_memset                 
000008a9  __aeabi_memset4                
000008a9  __aeabi_memset8                
000008af  memset                         
00000921  __TI_auto_init                 
00000991  IntEnable                      
000009f9  __TI_decompress_lzss           
00000a61  TimerConfigure                 
00000ac1  TimerControlTrigger            
00000b19  _c_int00                       
00000b6d  C$$EXIT                        
00000b71  abort                          
00000b79  exit                           
00000bc1  copy_in                        
00000c0d  GPIOPinConfigure               
00000c55  ADCSequenceConfigure           
00000c93  SSIConfigSetExpClk             
00000ccf  __mpu_init                     
00000cd1  SysCtlPeripheralEnable         
00000d05  GPIODirModeSet                 
00000d2f  ADCSequenceDataGet             
00000d4d  _args_main                     
00000d65  _register_unlock               
00000d6b  _register_lock                 
00000d73  _nop                           
00000d79  GPIOPinTypeADC                 
00000d8b  GPIOPinTypeSSI                 
00000d9d  TimerLoadSet                   
00000daf  ADCIntEnable                   
00000dbf  IntMasterEnable                
00000dcf  ADCSequenceEnable              
00000ddd  TimerEnable                    
00000deb  __TI_decompress_none           
00000df9  CPUcpsie                       
00000e05  __TI_zero_init                 
00000e11  ResetISR                       
00000e1d  ADCIntClear                    
00000e27  SSIDataPut                     
00000e31  SSIEnable                      
00000e3b  SysCtlDelay                    
00000e41  _system_pre_init               
00000e45  _system_post_cinit             
00001044  __TI_Handler_Table_Base        
00001050  __TI_Handler_Table_Limit       
00001058  __TI_CINIT_Base                
00001068  __TI_CINIT_Limit               
20000000  __stack                        
20000200  __STACK_END                    
20000200  __STACK_TOP                    
20000200  coeficientes_pb                
20000294  __TI_cleanup_ptr               
20000298  __TI_dtors_ptr                 
2000029c  __TI_enable_exit_profile_output
200002a0  _lock                          
200002a4  _unlock                        
200002a8  main_func_sp                   
200002ac  memoria                        
20000340  sample                         
20000344  signal                         
ffffffff  __TI_pprof_out_hndl            
ffffffff  __TI_prof_data_size            
ffffffff  __TI_prof_data_start           
ffffffff  __binit__                      
ffffffff  __c_args__                     
ffffffff  binit                          
UNDEFED   SHT$$INIT_ARRAY$$Base          
UNDEFED   SHT$$INIT_ARRAY$$Limit         

[85 symbols]
